Archive member included because of file (symbol)

c:/program files (x86)/atmel/atmel toolchain/avr8 gcc/native/3.4.1061/avr8-gnu-toolchain/bin/../lib/gcc/avr/4.8.1/../../../../avr/lib/avr5\libm.a(fixunssfsi.o)
                              APP/LM35 On LCD/LM35OnLCD.o (__fixunssfsi)
c:/program files (x86)/atmel/atmel toolchain/avr8 gcc/native/3.4.1061/avr8-gnu-toolchain/bin/../lib/gcc/avr/4.8.1/../../../../avr/lib/avr5\libm.a(floatsisf.o)
                              APP/LM35 On LCD/LM35OnLCD.o (__floatunsisf)
c:/program files (x86)/atmel/atmel toolchain/avr8 gcc/native/3.4.1061/avr8-gnu-toolchain/bin/../lib/gcc/avr/4.8.1/../../../../avr/lib/avr5\libm.a(fp_split3.o)
                              c:/program files (x86)/atmel/atmel toolchain/avr8 gcc/native/3.4.1061/avr8-gnu-toolchain/bin/../lib/gcc/avr/4.8.1/../../../../avr/lib/avr5\libm.a(fixunssfsi.o) (__fp_splitA)
c:/program files (x86)/atmel/atmel toolchain/avr8 gcc/native/3.4.1061/avr8-gnu-toolchain/bin/../lib/gcc/avr/4.8.1/../../../../avr/lib/avr5\libm.a(fp_zero.o)
                              c:/program files (x86)/atmel/atmel toolchain/avr8 gcc/native/3.4.1061/avr8-gnu-toolchain/bin/../lib/gcc/avr/4.8.1/../../../../avr/lib/avr5\libm.a(fixunssfsi.o) (__fp_zero)
c:/program files (x86)/atmel/atmel toolchain/avr8 gcc/native/3.4.1061/avr8-gnu-toolchain/bin/../lib/gcc/avr/4.8.1/../../../../avr/lib/avr5\libm.a(mulsf3.o)
                              APP/LM35 On LCD/LM35OnLCD.o (__mulsf3)
c:/program files (x86)/atmel/atmel toolchain/avr8 gcc/native/3.4.1061/avr8-gnu-toolchain/bin/../lib/gcc/avr/4.8.1/../../../../avr/lib/avr5\libm.a(mulsf3x.o)
                              c:/program files (x86)/atmel/atmel toolchain/avr8 gcc/native/3.4.1061/avr8-gnu-toolchain/bin/../lib/gcc/avr/4.8.1/../../../../avr/lib/avr5\libm.a(mulsf3.o) (__mulsf3x)
c:/program files (x86)/atmel/atmel toolchain/avr8 gcc/native/3.4.1061/avr8-gnu-toolchain/bin/../lib/gcc/avr/4.8.1/../../../../avr/lib/avr5\libm.a(fp_inf.o)
                              c:/program files (x86)/atmel/atmel toolchain/avr8 gcc/native/3.4.1061/avr8-gnu-toolchain/bin/../lib/gcc/avr/4.8.1/../../../../avr/lib/avr5\libm.a(mulsf3x.o) (__fp_inf)
c:/program files (x86)/atmel/atmel toolchain/avr8 gcc/native/3.4.1061/avr8-gnu-toolchain/bin/../lib/gcc/avr/4.8.1/../../../../avr/lib/avr5\libm.a(fp_nan.o)
                              c:/program files (x86)/atmel/atmel toolchain/avr8 gcc/native/3.4.1061/avr8-gnu-toolchain/bin/../lib/gcc/avr/4.8.1/../../../../avr/lib/avr5\libm.a(mulsf3x.o) (__fp_nan)
c:/program files (x86)/atmel/atmel toolchain/avr8 gcc/native/3.4.1061/avr8-gnu-toolchain/bin/../lib/gcc/avr/4.8.1/../../../../avr/lib/avr5\libm.a(fp_pscA.o)
                              c:/program files (x86)/atmel/atmel toolchain/avr8 gcc/native/3.4.1061/avr8-gnu-toolchain/bin/../lib/gcc/avr/4.8.1/../../../../avr/lib/avr5\libm.a(mulsf3x.o) (__fp_pscA)
c:/program files (x86)/atmel/atmel toolchain/avr8 gcc/native/3.4.1061/avr8-gnu-toolchain/bin/../lib/gcc/avr/4.8.1/../../../../avr/lib/avr5\libm.a(fp_pscB.o)
                              c:/program files (x86)/atmel/atmel toolchain/avr8 gcc/native/3.4.1061/avr8-gnu-toolchain/bin/../lib/gcc/avr/4.8.1/../../../../avr/lib/avr5\libm.a(mulsf3x.o) (__fp_pscB)
c:/program files (x86)/atmel/atmel toolchain/avr8 gcc/native/3.4.1061/avr8-gnu-toolchain/bin/../lib/gcc/avr/4.8.1/../../../../avr/lib/avr5\libm.a(fp_round.o)
                              c:/program files (x86)/atmel/atmel toolchain/avr8 gcc/native/3.4.1061/avr8-gnu-toolchain/bin/../lib/gcc/avr/4.8.1/../../../../avr/lib/avr5\libm.a(mulsf3.o) (__fp_round)
c:/program files (x86)/atmel/atmel toolchain/avr8 gcc/native/3.4.1061/avr8-gnu-toolchain/bin/../lib/gcc/avr/4.8.1/avr5\libgcc.a(_divmodhi4.o)
                              APP/LM35 On LCD/LM35OnLCD.o (__divmodhi4)
c:/program files (x86)/atmel/atmel toolchain/avr8 gcc/native/3.4.1061/avr8-gnu-toolchain/bin/../lib/gcc/avr/4.8.1/avr5\libgcc.a(_exit.o)
                              c:/program files (x86)/atmel/atmel toolchain/avr8 gcc/native/3.4.1061/avr8-gnu-toolchain/bin/../lib/gcc/avr/4.8.1/../../../../avr/lib/avr5/crtm32.o (exit)
c:/program files (x86)/atmel/atmel toolchain/avr8 gcc/native/3.4.1061/avr8-gnu-toolchain/bin/../lib/gcc/avr/4.8.1/avr5\libgcc.a(_tablejump.o)
                              MCAL/ADC/ADC_File.o (__tablejump2__)
c:/program files (x86)/atmel/atmel toolchain/avr8 gcc/native/3.4.1061/avr8-gnu-toolchain/bin/../lib/gcc/avr/4.8.1/avr5\libgcc.a(_copy_data.o)
                              APP/Calculator/Calculator.o (__do_copy_data)
c:/program files (x86)/atmel/atmel toolchain/avr8 gcc/native/3.4.1061/avr8-gnu-toolchain/bin/../lib/gcc/avr/4.8.1/avr5\libgcc.a(_clear_bss.o)
                              APP/Calculator/Calculator.o (__do_clear_bss)
c:/program files (x86)/atmel/atmel toolchain/avr8 gcc/native/3.4.1061/avr8-gnu-toolchain/bin/../lib/gcc/avr/4.8.1/avr5\libgcc.a(_udivmodhi4.o)
                              c:/program files (x86)/atmel/atmel toolchain/avr8 gcc/native/3.4.1061/avr8-gnu-toolchain/bin/../lib/gcc/avr/4.8.1/avr5\libgcc.a(_divmodhi4.o) (__udivmodhi4)

Allocating common symbols
Common symbol       size              file

Flag1               0x2               APP/GameUsingTimer/GameUsingTimer.o
counter1            0x2               APP/GameUsingTimer/GameUsingTimer.o
keypad_Read_Value   0x1               APP/GameUsingTimer/GameUsingTimer.o

Discarded input sections

 .data          0x00000000        0x0 c:/program files (x86)/atmel/atmel toolchain/avr8 gcc/native/3.4.1061/avr8-gnu-toolchain/bin/../lib/gcc/avr/4.8.1/../../../../avr/lib/avr5/crtm32.o
 .bss           0x00000000        0x0 c:/program files (x86)/atmel/atmel toolchain/avr8 gcc/native/3.4.1061/avr8-gnu-toolchain/bin/../lib/gcc/avr/4.8.1/../../../../avr/lib/avr5/crtm32.o
 .text          0x00000000        0x0 APP/ADC_APP/ADC_APP.o
 .data          0x00000000        0x0 APP/ADC_APP/ADC_APP.o
 .bss           0x00000000        0x0 APP/ADC_APP/ADC_APP.o
 .debug_info    0x00000000       0x79 APP/ADC_APP/ADC_APP.o
 .debug_abbrev  0x00000000       0x26 APP/ADC_APP/ADC_APP.o
 .debug_aranges
                0x00000000       0x18 APP/ADC_APP/ADC_APP.o
 .debug_line    0x00000000       0x1a APP/ADC_APP/ADC_APP.o
 .debug_str     0x00000000      0x1a3 APP/ADC_APP/ADC_APP.o
 .comment       0x00000000       0x31 APP/ADC_APP/ADC_APP.o
 .text          0x00000000        0x0 APP/Calculator/Calculator.o
 .data          0x00000000        0x0 APP/Calculator/Calculator.o
 .bss           0x00000000        0x0 APP/Calculator/Calculator.o
 .rodata.str1.1
                0x00000000        0x6 APP/Calculator/Calculator.o
 .text.Calculator_Init
                0x00000000       0x6a APP/Calculator/Calculator.o
 .text.Calculator_operation
                0x00000000       0x6e APP/Calculator/Calculator.o
 .bss.Data_Enter
                0x00000000        0x1 APP/Calculator/Calculator.o
 .data.LED1     0x00000000        0x4 APP/Calculator/Calculator.o
 .data.keypad1  0x00000000        0xa APP/Calculator/Calculator.o
 .data.Keypad_array
                0x00000000       0x10 APP/Calculator/Calculator.o
 .debug_info    0x00000000      0x48d APP/Calculator/Calculator.o
 .debug_abbrev  0x00000000      0x1e6 APP/Calculator/Calculator.o
 .debug_loc     0x00000000       0x5e APP/Calculator/Calculator.o
 .debug_aranges
                0x00000000       0x28 APP/Calculator/Calculator.o
 .debug_ranges  0x00000000       0x18 APP/Calculator/Calculator.o
 .debug_line    0x00000000      0x1fa APP/Calculator/Calculator.o
 .debug_str     0x00000000      0x3b7 APP/Calculator/Calculator.o
 .comment       0x00000000       0x31 APP/Calculator/Calculator.o
 .debug_frame   0x00000000       0x4c APP/Calculator/Calculator.o
 .text          0x00000000        0x0 APP/GameUsingTimer/GameUsingTimer.o
 .data          0x00000000        0x0 APP/GameUsingTimer/GameUsingTimer.o
 .bss           0x00000000        0x0 APP/GameUsingTimer/GameUsingTimer.o
 .text.ISR_CTC_Timer
                0x00000000       0x14 APP/GameUsingTimer/GameUsingTimer.o
 .rodata.str1.1
                0x00000000       0x27 APP/GameUsingTimer/GameUsingTimer.o
 .text.Game_Init_System
                0x00000000       0x80 APP/GameUsingTimer/GameUsingTimer.o
 .text.Game_Playing_System
                0x00000000       0xb6 APP/GameUsingTimer/GameUsingTimer.o
 .data.keypad_app
                0x00000000        0xa APP/GameUsingTimer/GameUsingTimer.o
 .data.counter_app
                0x00000000        0x5 APP/GameUsingTimer/GameUsingTimer.o
 .text          0x00000000        0x0 APP/GPIO_App/GPIO_APP.o
 .data          0x00000000        0x0 APP/GPIO_App/GPIO_APP.o
 .bss           0x00000000        0x0 APP/GPIO_App/GPIO_APP.o
 .text.GPIO_APP_Control
                0x00000000       0x14 APP/GPIO_App/GPIO_APP.o
 .text.GPIO_APP_init
                0x00000000       0x30 APP/GPIO_App/GPIO_APP.o
 .data.LED_8    0x00000000        0x4 APP/GPIO_App/GPIO_APP.o
 .debug_info    0x00000000      0x2a7 APP/GPIO_App/GPIO_APP.o
 .debug_abbrev  0x00000000      0x126 APP/GPIO_App/GPIO_APP.o
 .debug_aranges
                0x00000000       0x28 APP/GPIO_App/GPIO_APP.o
 .debug_ranges  0x00000000       0x18 APP/GPIO_App/GPIO_APP.o
 .debug_line    0x00000000       0xdc APP/GPIO_App/GPIO_APP.o
 .debug_str     0x00000000      0x34c APP/GPIO_App/GPIO_APP.o
 .comment       0x00000000       0x31 APP/GPIO_App/GPIO_APP.o
 .debug_frame   0x00000000       0x34 APP/GPIO_App/GPIO_APP.o
 .text          0x00000000        0x0 APP/KeyPad_APP/KeyPad_APP.o
 .data          0x00000000        0x0 APP/KeyPad_APP/KeyPad_APP.o
 .bss           0x00000000        0x0 APP/KeyPad_APP/KeyPad_APP.o
 .text.KeyPad_APP_init
                0x00000000       0x38 APP/KeyPad_APP/KeyPad_APP.o
 .text.KeyPad_APP_Control
                0x00000000       0x54 APP/KeyPad_APP/KeyPad_APP.o
 .bss.Data_Entr
                0x00000000        0x1 APP/KeyPad_APP/KeyPad_APP.o
 .data.keypad0  0x00000000        0xa APP/KeyPad_APP/KeyPad_APP.o
 .debug_info    0x00000000      0x317 APP/KeyPad_APP/KeyPad_APP.o
 .debug_abbrev  0x00000000      0x190 APP/KeyPad_APP/KeyPad_APP.o
 .debug_loc     0x00000000       0xa6 APP/KeyPad_APP/KeyPad_APP.o
 .debug_aranges
                0x00000000       0x28 APP/KeyPad_APP/KeyPad_APP.o
 .debug_ranges  0x00000000       0x18 APP/KeyPad_APP/KeyPad_APP.o
 .debug_line    0x00000000      0x1d0 APP/KeyPad_APP/KeyPad_APP.o
 .debug_str     0x00000000      0x304 APP/KeyPad_APP/KeyPad_APP.o
 .comment       0x00000000       0x31 APP/KeyPad_APP/KeyPad_APP.o
 .debug_frame   0x00000000       0x4c APP/KeyPad_APP/KeyPad_APP.o
 .text          0x00000000        0x0 APP/LM35 On LCD/LM35OnLCD.o
 .data          0x00000000        0x0 APP/LM35 On LCD/LM35OnLCD.o
 .bss           0x00000000        0x0 APP/LM35 On LCD/LM35OnLCD.o
 .rodata.str1.1
                0x00000000        0xd APP/LM35 On LCD/LM35OnLCD.o
 .text.LM35OnLCD_INIT
                0x00000000       0x28 APP/LM35 On LCD/LM35OnLCD.o
 .text.LM35OnLCD_Control
                0x00000000       0xfe APP/LM35 On LCD/LM35OnLCD.o
 .data.ADC_PIN  0x00000000        0x6 APP/LM35 On LCD/LM35OnLCD.o
 .debug_info    0x00000000      0x401 APP/LM35 On LCD/LM35OnLCD.o
 .debug_abbrev  0x00000000      0x162 APP/LM35 On LCD/LM35OnLCD.o
 .debug_loc     0x00000000      0x102 APP/LM35 On LCD/LM35OnLCD.o
 .debug_aranges
                0x00000000       0x28 APP/LM35 On LCD/LM35OnLCD.o
 .debug_ranges  0x00000000       0x18 APP/LM35 On LCD/LM35OnLCD.o
 .debug_line    0x00000000       0xec APP/LM35 On LCD/LM35OnLCD.o
 .debug_str     0x00000000      0x495 APP/LM35 On LCD/LM35OnLCD.o
 .comment       0x00000000       0x31 APP/LM35 On LCD/LM35OnLCD.o
 .debug_frame   0x00000000       0x40 APP/LM35 On LCD/LM35OnLCD.o
 .text          0x00000000        0x0 APP/Multiplaxing_2SevenSegment/Multi_7Segment.o
 .data          0x00000000        0x0 APP/Multiplaxing_2SevenSegment/Multi_7Segment.o
 .bss           0x00000000        0x0 APP/Multiplaxing_2SevenSegment/Multi_7Segment.o
 .text.ISR_CTC_Timer_1
                0x00000000       0x12 APP/Multiplaxing_2SevenSegment/Multi_7Segment.o
 .text.Multi_7_Segment_Init_System
                0x00000000       0x42 APP/Multiplaxing_2SevenSegment/Multi_7Segment.o
 .text.Multi_7_Segment_Control_System
                0x00000000       0xac APP/Multiplaxing_2SevenSegment/Multi_7Segment.o
 .bss.Display_Counter
                0x00000000        0x1 APP/Multiplaxing_2SevenSegment/Multi_7Segment.o
 .bss.counter_10mSec
                0x00000000        0x1 APP/Multiplaxing_2SevenSegment/Multi_7Segment.o
 .bss.counter_1Sec
                0x00000000        0x1 APP/Multiplaxing_2SevenSegment/Multi_7Segment.o
 .data.counter_app_2
                0x00000000        0x5 APP/Multiplaxing_2SevenSegment/Multi_7Segment.o
 .debug_info    0x00000000      0x570 APP/Multiplaxing_2SevenSegment/Multi_7Segment.o
 .debug_abbrev  0x00000000      0x169 APP/Multiplaxing_2SevenSegment/Multi_7Segment.o
 .debug_aranges
                0x00000000       0x30 APP/Multiplaxing_2SevenSegment/Multi_7Segment.o
 .debug_ranges  0x00000000       0x20 APP/Multiplaxing_2SevenSegment/Multi_7Segment.o
 .debug_line    0x00000000      0x12f APP/Multiplaxing_2SevenSegment/Multi_7Segment.o
 .debug_str     0x00000000      0x5f2 APP/Multiplaxing_2SevenSegment/Multi_7Segment.o
 .comment       0x00000000       0x31 APP/Multiplaxing_2SevenSegment/Multi_7Segment.o
 .debug_frame   0x00000000       0x44 APP/Multiplaxing_2SevenSegment/Multi_7Segment.o
 .text          0x00000000        0x0 APP/RealTimeClock/RealTimeClock.o
 .data          0x00000000        0x0 APP/RealTimeClock/RealTimeClock.o
 .bss           0x00000000        0x0 APP/RealTimeClock/RealTimeClock.o
 .text          0x00000000        0x0 APP/Timer_APP/Timer_APP.o
 .data          0x00000000        0x0 APP/Timer_APP/Timer_APP.o
 .bss           0x00000000        0x0 APP/Timer_APP/Timer_APP.o
 .text.Timer_APP_INIT
                0x00000000       0x2e APP/Timer_APP/Timer_APP.o
 .text.Timer_APP_Control
                0x00000000       0x60 APP/Timer_APP/Timer_APP.o
 .data.counter  0x00000000        0x5 APP/Timer_APP/Timer_APP.o
 .data.LED_1    0x00000000        0x4 APP/Timer_APP/Timer_APP.o
 .debug_info    0x00000000      0x424 APP/Timer_APP/Timer_APP.o
 .debug_abbrev  0x00000000      0x14a APP/Timer_APP/Timer_APP.o
 .debug_aranges
                0x00000000       0x28 APP/Timer_APP/Timer_APP.o
 .debug_ranges  0x00000000       0x18 APP/Timer_APP/Timer_APP.o
 .debug_line    0x00000000       0xdc APP/Timer_APP/Timer_APP.o
 .debug_str     0x00000000      0x54e APP/Timer_APP/Timer_APP.o
 .comment       0x00000000       0x31 APP/Timer_APP/Timer_APP.o
 .debug_frame   0x00000000       0x34 APP/Timer_APP/Timer_APP.o
 .text          0x00000000        0x0 APP/Timer_CTC_APP/Timer_CTC_APP.o
 .data          0x00000000        0x0 APP/Timer_CTC_APP/Timer_CTC_APP.o
 .bss           0x00000000        0x0 APP/Timer_CTC_APP/Timer_CTC_APP.o
 .text.LED_Control
                0x00000000       0x2e APP/Timer_CTC_APP/Timer_CTC_APP.o
 .text.Timer_CTC_APP_Init
                0x00000000       0x60 APP/Timer_CTC_APP/Timer_CTC_APP.o
 .bss.counter.1629
                0x00000000        0x2 APP/Timer_CTC_APP/Timer_CTC_APP.o
 .data.LED_     0x00000000        0x4 APP/Timer_CTC_APP/Timer_CTC_APP.o
 .debug_info    0x00000000      0x411 APP/Timer_CTC_APP/Timer_CTC_APP.o
 .debug_abbrev  0x00000000      0x177 APP/Timer_CTC_APP/Timer_CTC_APP.o
 .debug_loc     0x00000000       0x48 APP/Timer_CTC_APP/Timer_CTC_APP.o
 .debug_aranges
                0x00000000       0x28 APP/Timer_CTC_APP/Timer_CTC_APP.o
 .debug_ranges  0x00000000       0x18 APP/Timer_CTC_APP/Timer_CTC_APP.o
 .debug_line    0x00000000       0xe7 APP/Timer_CTC_APP/Timer_CTC_APP.o
 .debug_str     0x00000000      0x565 APP/Timer_CTC_APP/Timer_CTC_APP.o
 .comment       0x00000000       0x31 APP/Timer_CTC_APP/Timer_CTC_APP.o
 .debug_frame   0x00000000       0x44 APP/Timer_CTC_APP/Timer_CTC_APP.o
 .text          0x00000000        0x0 APP/TIMER_FastPWM/Timer_FastPWM.o
 .data          0x00000000        0x0 APP/TIMER_FastPWM/Timer_FastPWM.o
 .bss           0x00000000        0x0 APP/TIMER_FastPWM/Timer_FastPWM.o
 .rodata        0x00000000        0xa APP/TIMER_FastPWM/Timer_FastPWM.o
 .text.Timer_Inverting_FastPWM_Init
                0x00000000       0x40 APP/TIMER_FastPWM/Timer_FastPWM.o
 .text.Timer_NonInverting_FastPWM_Init
                0x00000000       0x40 APP/TIMER_FastPWM/Timer_FastPWM.o
 .debug_info    0x00000000      0x275 APP/TIMER_FastPWM/Timer_FastPWM.o
 .debug_abbrev  0x00000000       0xc3 APP/TIMER_FastPWM/Timer_FastPWM.o
 .debug_loc     0x00000000       0x90 APP/TIMER_FastPWM/Timer_FastPWM.o
 .debug_aranges
                0x00000000       0x28 APP/TIMER_FastPWM/Timer_FastPWM.o
 .debug_ranges  0x00000000       0x18 APP/TIMER_FastPWM/Timer_FastPWM.o
 .debug_line    0x00000000       0x9f APP/TIMER_FastPWM/Timer_FastPWM.o
 .debug_str     0x00000000      0x478 APP/TIMER_FastPWM/Timer_FastPWM.o
 .comment       0x00000000       0x31 APP/TIMER_FastPWM/Timer_FastPWM.o
 .debug_frame   0x00000000       0x54 APP/TIMER_FastPWM/Timer_FastPWM.o
 .text          0x00000000        0x0 APP/Timer_OC0_NonPWM/Timer_OC0_NonPWM.o
 .data          0x00000000        0x0 APP/Timer_OC0_NonPWM/Timer_OC0_NonPWM.o
 .bss           0x00000000        0x0 APP/Timer_OC0_NonPWM/Timer_OC0_NonPWM.o
 .rodata        0x00000000        0x5 APP/Timer_OC0_NonPWM/Timer_OC0_NonPWM.o
 .text.Timer_OC0_NonPWM
                0x00000000       0x40 APP/Timer_OC0_NonPWM/Timer_OC0_NonPWM.o
 .debug_info    0x00000000      0x23d APP/Timer_OC0_NonPWM/Timer_OC0_NonPWM.o
 .debug_abbrev  0x00000000       0xc3 APP/Timer_OC0_NonPWM/Timer_OC0_NonPWM.o
 .debug_loc     0x00000000       0x48 APP/Timer_OC0_NonPWM/Timer_OC0_NonPWM.o
 .debug_aranges
                0x00000000       0x20 APP/Timer_OC0_NonPWM/Timer_OC0_NonPWM.o
 .debug_ranges  0x00000000       0x10 APP/Timer_OC0_NonPWM/Timer_OC0_NonPWM.o
 .debug_line    0x00000000       0x93 APP/Timer_OC0_NonPWM/Timer_OC0_NonPWM.o
 .debug_str     0x00000000      0x452 APP/Timer_OC0_NonPWM/Timer_OC0_NonPWM.o
 .comment       0x00000000       0x31 APP/Timer_OC0_NonPWM/Timer_OC0_NonPWM.o
 .debug_frame   0x00000000       0x34 APP/Timer_OC0_NonPWM/Timer_OC0_NonPWM.o
 .text          0x00000000        0x0 APP/Timer_PhaseCorrectPWM/Timer_PhaseCorrectPWM.o
 .data          0x00000000        0x0 APP/Timer_PhaseCorrectPWM/Timer_PhaseCorrectPWM.o
 .bss           0x00000000        0x0 APP/Timer_PhaseCorrectPWM/Timer_PhaseCorrectPWM.o
 .rodata        0x00000000        0x5 APP/Timer_PhaseCorrectPWM/Timer_PhaseCorrectPWM.o
 .text.Timer_PhaseCorrect_Init
                0x00000000       0x40 APP/Timer_PhaseCorrectPWM/Timer_PhaseCorrectPWM.o
 .debug_info    0x00000000      0x23d APP/Timer_PhaseCorrectPWM/Timer_PhaseCorrectPWM.o
 .debug_abbrev  0x00000000       0xc3 APP/Timer_PhaseCorrectPWM/Timer_PhaseCorrectPWM.o
 .debug_loc     0x00000000       0x48 APP/Timer_PhaseCorrectPWM/Timer_PhaseCorrectPWM.o
 .debug_aranges
                0x00000000       0x20 APP/Timer_PhaseCorrectPWM/Timer_PhaseCorrectPWM.o
 .debug_ranges  0x00000000       0x10 APP/Timer_PhaseCorrectPWM/Timer_PhaseCorrectPWM.o
 .debug_line    0x00000000       0x9d APP/Timer_PhaseCorrectPWM/Timer_PhaseCorrectPWM.o
 .debug_str     0x00000000      0x463 APP/Timer_PhaseCorrectPWM/Timer_PhaseCorrectPWM.o
 .comment       0x00000000       0x31 APP/Timer_PhaseCorrectPWM/Timer_PhaseCorrectPWM.o
 .debug_frame   0x00000000       0x34 APP/Timer_PhaseCorrectPWM/Timer_PhaseCorrectPWM.o
 .text          0x00000000        0x0 APP/Traffic_Light/Traffic_Light.o
 .data          0x00000000        0x0 APP/Traffic_Light/Traffic_Light.o
 .bss           0x00000000        0x0 APP/Traffic_Light/Traffic_Light.o
 .debug_line    0x00000000        0x0 APP/Traffic_Light/Traffic_Light.o
 .debug_str     0x00000000        0x0 APP/Traffic_Light/Traffic_Light.o
 .comment       0x00000000       0x31 APP/Traffic_Light/Traffic_Light.o
 .text          0x00000000        0x0 AVR_32_Driver.o
 .data          0x00000000        0x0 AVR_32_Driver.o
 .bss           0x00000000        0x0 AVR_32_Driver.o
 .text          0x00000000        0x0 HAL/BCD 7-Segment/BCD Seven Segment.o
 .data          0x00000000        0x0 HAL/BCD 7-Segment/BCD Seven Segment.o
 .bss           0x00000000        0x0 HAL/BCD 7-Segment/BCD Seven Segment.o
 .text.Sev_Seg_Start
                0x00000000       0x5a HAL/BCD 7-Segment/BCD Seven Segment.o
 .text.Sev_Seg_Write
                0x00000000       0x92 HAL/BCD 7-Segment/BCD Seven Segment.o
 .debug_info    0x00000000      0x39c HAL/BCD 7-Segment/BCD Seven Segment.o
 .debug_abbrev  0x00000000      0x121 HAL/BCD 7-Segment/BCD Seven Segment.o
 .debug_loc     0x00000000      0x16c HAL/BCD 7-Segment/BCD Seven Segment.o
 .debug_aranges
                0x00000000       0x28 HAL/BCD 7-Segment/BCD Seven Segment.o
 .debug_ranges  0x00000000       0x18 HAL/BCD 7-Segment/BCD Seven Segment.o
 .debug_line    0x00000000       0xd7 HAL/BCD 7-Segment/BCD Seven Segment.o
 .debug_str     0x00000000      0x31d HAL/BCD 7-Segment/BCD Seven Segment.o
 .comment       0x00000000       0x31 HAL/BCD 7-Segment/BCD Seven Segment.o
 .debug_frame   0x00000000       0x6c HAL/BCD 7-Segment/BCD Seven Segment.o
 .text          0x00000000        0x0 HAL/BUZZER_File/BUZZER.o
 .data          0x00000000        0x0 HAL/BUZZER_File/BUZZER.o
 .bss           0x00000000        0x0 HAL/BUZZER_File/BUZZER.o
 .text.Buzzer_Start
                0x00000000       0x30 HAL/BUZZER_File/BUZZER.o
 .text.Buzzer_Get_State
                0x00000000        0xc HAL/BUZZER_File/BUZZER.o
 .text.Buzzer_State_Control
                0x00000000       0x12 HAL/BUZZER_File/BUZZER.o
 .text.Buzzer_Stop
                0x00000000        0xe HAL/BUZZER_File/BUZZER.o
 .text.Buzzer_toggle
                0x00000000        0xc HAL/BUZZER_File/BUZZER.o
 .debug_info    0x00000000      0x396 HAL/BUZZER_File/BUZZER.o
 .debug_abbrev  0x00000000      0x17a HAL/BUZZER_File/BUZZER.o
 .debug_loc     0x00000000      0x15c HAL/BUZZER_File/BUZZER.o
 .debug_aranges
                0x00000000       0x40 HAL/BUZZER_File/BUZZER.o
 .debug_ranges  0x00000000       0x30 HAL/BUZZER_File/BUZZER.o
 .debug_line    0x00000000       0xe0 HAL/BUZZER_File/BUZZER.o
 .debug_str     0x00000000      0x37e HAL/BUZZER_File/BUZZER.o
 .comment       0x00000000       0x31 HAL/BUZZER_File/BUZZER.o
 .debug_frame   0x00000000       0x78 HAL/BUZZER_File/BUZZER.o
 .text          0x00000000        0x0 HAL/Direct 7-Segment/Direct_7-Segment.o
 .data          0x00000000        0x0 HAL/Direct 7-Segment/Direct_7-Segment.o
 .bss           0x00000000        0x0 HAL/Direct 7-Segment/Direct_7-Segment.o
 .text          0x00000000        0x0 HAL/Keypad/Keypad.o
 .data          0x00000000        0x0 HAL/Keypad/Keypad.o
 .bss           0x00000000        0x0 HAL/Keypad/Keypad.o
 .text          0x00000000        0x0 HAL/LCD_Screen/LCD.o
 .data          0x00000000        0x0 HAL/LCD_Screen/LCD.o
 .bss           0x00000000        0x0 HAL/LCD_Screen/LCD.o
 .text.Send_Command_LCD
                0x00000000       0xa0 HAL/LCD_Screen/LCD.o
 .text.Move_Curser_LCD
                0x00000000       0xd0 HAL/LCD_Screen/LCD.o
 .text          0x00000000        0x0 HAL/LED_File/LED.o
 .data          0x00000000        0x0 HAL/LED_File/LED.o
 .bss           0x00000000        0x0 HAL/LED_File/LED.o
 .text.Led_Start
                0x00000000       0x30 HAL/LED_File/LED.o
 .text.Led_Get_State
                0x00000000        0xc HAL/LED_File/LED.o
 .text.Led_State_Control
                0x00000000       0x12 HAL/LED_File/LED.o
 .text.Led_Toggle
                0x00000000        0xc HAL/LED_File/LED.o
 .text.Led_Stop_FW
                0x00000000        0xe HAL/LED_File/LED.o
 .text.Led_Stop_REV
                0x00000000        0xe HAL/LED_File/LED.o
 .debug_info    0x00000000      0x3dc HAL/LED_File/LED.o
 .debug_abbrev  0x00000000      0x17a HAL/LED_File/LED.o
 .debug_loc     0x00000000      0x169 HAL/LED_File/LED.o
 .debug_aranges
                0x00000000       0x48 HAL/LED_File/LED.o
 .debug_ranges  0x00000000       0x38 HAL/LED_File/LED.o
 .debug_line    0x00000000       0xe7 HAL/LED_File/LED.o
 .debug_str     0x00000000      0x378 HAL/LED_File/LED.o
 .comment       0x00000000       0x31 HAL/LED_File/LED.o
 .debug_frame   0x00000000       0x88 HAL/LED_File/LED.o
 .text          0x00000000        0x0 HAL/Push Button/Push Button.o
 .data          0x00000000        0x0 HAL/Push Button/Push Button.o
 .bss           0x00000000        0x0 HAL/Push Button/Push Button.o
 .text.Butt_Switch_init
                0x00000000       0x2e HAL/Push Button/Push Button.o
 .text.Butt_Switch_Read
                0x00000000       0x6c HAL/Push Button/Push Button.o
 .bss.Button_Default_State
                0x00000000        0x1 HAL/Push Button/Push Button.o
 .debug_info    0x00000000      0x348 HAL/Push Button/Push Button.o
 .debug_abbrev  0x00000000      0x196 HAL/Push Button/Push Button.o
 .debug_loc     0x00000000      0x1d8 HAL/Push Button/Push Button.o
 .debug_aranges
                0x00000000       0x28 HAL/Push Button/Push Button.o
 .debug_ranges  0x00000000       0x18 HAL/Push Button/Push Button.o
 .debug_line    0x00000000      0x1bb HAL/Push Button/Push Button.o
 .debug_str     0x00000000      0x387 HAL/Push Button/Push Button.o
 .comment       0x00000000       0x31 HAL/Push Button/Push Button.o
 .debug_frame   0x00000000       0x50 HAL/Push Button/Push Button.o
 .text          0x00000000        0x0 HAL/Relay_File/Relay.o
 .data          0x00000000        0x0 HAL/Relay_File/Relay.o
 .bss           0x00000000        0x0 HAL/Relay_File/Relay.o
 .text.RELAY_Start
                0x00000000       0x30 HAL/Relay_File/Relay.o
 .text.RELAY_State_Control
                0x00000000       0x12 HAL/Relay_File/Relay.o
 .text.RELAY_Get_State
                0x00000000        0xc HAL/Relay_File/Relay.o
 .text.RELAY_toggle
                0x00000000        0xc HAL/Relay_File/Relay.o
 .text.RELAY_Stop
                0x00000000        0xe HAL/Relay_File/Relay.o
 .debug_info    0x00000000      0x396 HAL/Relay_File/Relay.o
 .debug_abbrev  0x00000000      0x17a HAL/Relay_File/Relay.o
 .debug_loc     0x00000000      0x15c HAL/Relay_File/Relay.o
 .debug_aranges
                0x00000000       0x40 HAL/Relay_File/Relay.o
 .debug_ranges  0x00000000       0x30 HAL/Relay_File/Relay.o
 .debug_line    0x00000000       0xdd HAL/Relay_File/Relay.o
 .debug_str     0x00000000      0x36d HAL/Relay_File/Relay.o
 .comment       0x00000000       0x31 HAL/Relay_File/Relay.o
 .debug_frame   0x00000000       0x78 HAL/Relay_File/Relay.o
 .text          0x00000000        0x0 HAL/Tempreture_Sensor_LM35/LM35.o
 .data          0x00000000        0x0 HAL/Tempreture_Sensor_LM35/LM35.o
 .bss           0x00000000        0x0 HAL/Tempreture_Sensor_LM35/LM35.o
 .text.LM35_Init
                0x00000000       0x30 HAL/Tempreture_Sensor_LM35/LM35.o
 .text.Read_LM35_Temp
                0x00000000       0x38 HAL/Tempreture_Sensor_LM35/LM35.o
 .debug_info    0x00000000      0x2f2 HAL/Tempreture_Sensor_LM35/LM35.o
 .debug_abbrev  0x00000000      0x106 HAL/Tempreture_Sensor_LM35/LM35.o
 .debug_loc     0x00000000      0x116 HAL/Tempreture_Sensor_LM35/LM35.o
 .debug_aranges
                0x00000000       0x28 HAL/Tempreture_Sensor_LM35/LM35.o
 .debug_ranges  0x00000000       0x18 HAL/Tempreture_Sensor_LM35/LM35.o
 .debug_line    0x00000000       0xaf HAL/Tempreture_Sensor_LM35/LM35.o
 .debug_str     0x00000000      0x467 HAL/Tempreture_Sensor_LM35/LM35.o
 .comment       0x00000000       0x31 HAL/Tempreture_Sensor_LM35/LM35.o
 .debug_frame   0x00000000       0x54 HAL/Tempreture_Sensor_LM35/LM35.o
 .text          0x00000000        0x0 HAL/Water_Level_Seneor/Water_Level_Seneor.o
 .data          0x00000000        0x0 HAL/Water_Level_Seneor/Water_Level_Seneor.o
 .bss           0x00000000        0x0 HAL/Water_Level_Seneor/Water_Level_Seneor.o
 .debug_line    0x00000000        0x0 HAL/Water_Level_Seneor/Water_Level_Seneor.o
 .debug_str     0x00000000        0x0 HAL/Water_Level_Seneor/Water_Level_Seneor.o
 .comment       0x00000000       0x31 HAL/Water_Level_Seneor/Water_Level_Seneor.o
 .text          0x00000000        0x0 MCAL/ADC/ADC_File.o
 .data          0x00000000        0x0 MCAL/ADC/ADC_File.o
 .bss           0x00000000        0x0 MCAL/ADC/ADC_File.o
 .text.ADC_Init
                0x00000000      0x126 MCAL/ADC/ADC_File.o
 .progmem.gcc_sw_table.ADC_Init
                0x00000000       0x10 MCAL/ADC/ADC_File.o
 .text.ADC_Read
                0x00000000       0x5a MCAL/ADC/ADC_File.o
 .rodata.CSWTCH.3
                0x00000000        0x6 MCAL/ADC/ADC_File.o
 .rodata.CSWTCH.2
                0x00000000        0x8 MCAL/ADC/ADC_File.o
 .debug_info    0x00000000      0x366 MCAL/ADC/ADC_File.o
 .debug_abbrev  0x00000000      0x11e MCAL/ADC/ADC_File.o
 .debug_loc     0x00000000      0x2e1 MCAL/ADC/ADC_File.o
 .debug_aranges
                0x00000000       0x28 MCAL/ADC/ADC_File.o
 .debug_ranges  0x00000000       0x18 MCAL/ADC/ADC_File.o
 .debug_line    0x00000000      0x113 MCAL/ADC/ADC_File.o
 .debug_str     0x00000000      0x4ab MCAL/ADC/ADC_File.o
 .comment       0x00000000       0x31 MCAL/ADC/ADC_File.o
 .debug_frame   0x00000000       0x5c MCAL/ADC/ADC_File.o
 .text          0x00000000        0x0 MCAL/CommuncationProtocols/USART_File.o
 .data          0x00000000        0x0 MCAL/CommuncationProtocols/USART_File.o
 .bss           0x00000000        0x0 MCAL/CommuncationProtocols/USART_File.o
 .text.USART_RXC_Complete_Callback
                0x00000000        0xe MCAL/CommuncationProtocols/USART_File.o
 .text.USART_TXC_Complete_Callback
                0x00000000        0xe MCAL/CommuncationProtocols/USART_File.o
 .text.USART_UDRE_Callback
                0x00000000        0xe MCAL/CommuncationProtocols/USART_File.o
 .bss.CP_USART_UDRE_User_ptr
                0x00000000        0x2 MCAL/CommuncationProtocols/USART_File.o
 .bss.CP_USART_TXC_Complete_User_ptr
                0x00000000        0x2 MCAL/CommuncationProtocols/USART_File.o
 .bss.CP_USART_RXC_Complete_User_ptr
                0x00000000        0x2 MCAL/CommuncationProtocols/USART_File.o
 .debug_info    0x00000000      0x139 MCAL/CommuncationProtocols/USART_File.o
 .debug_abbrev  0x00000000       0x69 MCAL/CommuncationProtocols/USART_File.o
 .debug_aranges
                0x00000000       0x30 MCAL/CommuncationProtocols/USART_File.o
 .debug_ranges  0x00000000       0x20 MCAL/CommuncationProtocols/USART_File.o
 .debug_line    0x00000000       0x7b MCAL/CommuncationProtocols/USART_File.o
 .debug_str     0x00000000      0x295 MCAL/CommuncationProtocols/USART_File.o
 .comment       0x00000000       0x31 MCAL/CommuncationProtocols/USART_File.o
 .debug_frame   0x00000000       0x44 MCAL/CommuncationProtocols/USART_File.o
 .text          0x00000000        0x0 MCAL/DIO/GPIO.o
 .data          0x00000000        0x0 MCAL/DIO/GPIO.o
 .bss           0x00000000        0x0 MCAL/DIO/GPIO.o
 .text.GPIO_Pin_Toggle
                0x00000000       0x18 MCAL/DIO/GPIO.o
 .text.GPIO_Port_Read
                0x00000000        0x6 MCAL/DIO/GPIO.o
 .text.GPIO_Write_Low_Nibble
                0x00000000       0x4a MCAL/DIO/GPIO.o
 .text.GPIO_Pin_Enable_PULLUP_RES
                0x00000000        0x2 MCAL/DIO/GPIO.o
 .text          0x00000000        0x0 MCAL/Interrupt/Interrupt.o
 .data          0x00000000        0x0 MCAL/Interrupt/Interrupt.o
 .bss           0x00000000        0x0 MCAL/Interrupt/Interrupt.o
 .text.EXTINT_InterruptInit
                0x00000000       0xc2 MCAL/Interrupt/Interrupt.o
 .text          0x00000000        0x0 MCAL/Timer 0,2/Timer0.o
 .data          0x00000000        0x0 MCAL/Timer 0,2/Timer0.o
 .bss           0x00000000        0x0 MCAL/Timer 0,2/Timer0.o
 .text.Timer0_OverFlow_Callback
                0x00000000        0xe MCAL/Timer 0,2/Timer0.o
 .text.Timer0_CompareMatch_Callback
                0x00000000        0xe MCAL/Timer 0,2/Timer0.o
 .text.Timer2_CompareMatch_Callback
                0x00000000        0xe MCAL/Timer 0,2/Timer0.o
 .text.TIMER_Delay
                0x00000000       0x3a MCAL/Timer 0,2/Timer0.o
 .text          0x00000000        0x0 c:/program files (x86)/atmel/atmel toolchain/avr8 gcc/native/3.4.1061/avr8-gnu-toolchain/bin/../lib/gcc/avr/4.8.1/../../../../avr/lib/avr5\libm.a(fixunssfsi.o)
 .data          0x00000000        0x0 c:/program files (x86)/atmel/atmel toolchain/avr8 gcc/native/3.4.1061/avr8-gnu-toolchain/bin/../lib/gcc/avr/4.8.1/../../../../avr/lib/avr5\libm.a(fixunssfsi.o)
 .bss           0x00000000        0x0 c:/program files (x86)/atmel/atmel toolchain/avr8 gcc/native/3.4.1061/avr8-gnu-toolchain/bin/../lib/gcc/avr/4.8.1/../../../../avr/lib/avr5\libm.a(fixunssfsi.o)
 .text.avr-libc.fplib
                0x00000000       0x58 c:/program files (x86)/atmel/atmel toolchain/avr8 gcc/native/3.4.1061/avr8-gnu-toolchain/bin/../lib/gcc/avr/4.8.1/../../../../avr/lib/avr5\libm.a(fixunssfsi.o)
 .text          0x00000000        0x0 c:/program files (x86)/atmel/atmel toolchain/avr8 gcc/native/3.4.1061/avr8-gnu-toolchain/bin/../lib/gcc/avr/4.8.1/../../../../avr/lib/avr5\libm.a(floatsisf.o)
 .data          0x00000000        0x0 c:/program files (x86)/atmel/atmel toolchain/avr8 gcc/native/3.4.1061/avr8-gnu-toolchain/bin/../lib/gcc/avr/4.8.1/../../../../avr/lib/avr5\libm.a(floatsisf.o)
 .bss           0x00000000        0x0 c:/program files (x86)/atmel/atmel toolchain/avr8 gcc/native/3.4.1061/avr8-gnu-toolchain/bin/../lib/gcc/avr/4.8.1/../../../../avr/lib/avr5\libm.a(floatsisf.o)
 .text.avr-libc.fplib
                0x00000000       0x7a c:/program files (x86)/atmel/atmel toolchain/avr8 gcc/native/3.4.1061/avr8-gnu-toolchain/bin/../lib/gcc/avr/4.8.1/../../../../avr/lib/avr5\libm.a(floatsisf.o)
 .text          0x00000000        0x0 c:/program files (x86)/atmel/atmel toolchain/avr8 gcc/native/3.4.1061/avr8-gnu-toolchain/bin/../lib/gcc/avr/4.8.1/../../../../avr/lib/avr5\libm.a(fp_split3.o)
 .data          0x00000000        0x0 c:/program files (x86)/atmel/atmel toolchain/avr8 gcc/native/3.4.1061/avr8-gnu-toolchain/bin/../lib/gcc/avr/4.8.1/../../../../avr/lib/avr5\libm.a(fp_split3.o)
 .bss           0x00000000        0x0 c:/program files (x86)/atmel/atmel toolchain/avr8 gcc/native/3.4.1061/avr8-gnu-toolchain/bin/../lib/gcc/avr/4.8.1/../../../../avr/lib/avr5\libm.a(fp_split3.o)
 .text.avr-libc.fplib
                0x00000000       0x44 c:/program files (x86)/atmel/atmel toolchain/avr8 gcc/native/3.4.1061/avr8-gnu-toolchain/bin/../lib/gcc/avr/4.8.1/../../../../avr/lib/avr5\libm.a(fp_split3.o)
 .text          0x00000000        0x0 c:/program files (x86)/atmel/atmel toolchain/avr8 gcc/native/3.4.1061/avr8-gnu-toolchain/bin/../lib/gcc/avr/4.8.1/../../../../avr/lib/avr5\libm.a(fp_zero.o)
 .data          0x00000000        0x0 c:/program files (x86)/atmel/atmel toolchain/avr8 gcc/native/3.4.1061/avr8-gnu-toolchain/bin/../lib/gcc/avr/4.8.1/../../../../avr/lib/avr5\libm.a(fp_zero.o)
 .bss           0x00000000        0x0 c:/program files (x86)/atmel/atmel toolchain/avr8 gcc/native/3.4.1061/avr8-gnu-toolchain/bin/../lib/gcc/avr/4.8.1/../../../../avr/lib/avr5\libm.a(fp_zero.o)
 .text.avr-libc.fplib
                0x00000000        0xe c:/program files (x86)/atmel/atmel toolchain/avr8 gcc/native/3.4.1061/avr8-gnu-toolchain/bin/../lib/gcc/avr/4.8.1/../../../../avr/lib/avr5\libm.a(fp_zero.o)
 .text          0x00000000        0x0 c:/program files (x86)/atmel/atmel toolchain/avr8 gcc/native/3.4.1061/avr8-gnu-toolchain/bin/../lib/gcc/avr/4.8.1/../../../../avr/lib/avr5\libm.a(mulsf3.o)
 .data          0x00000000        0x0 c:/program files (x86)/atmel/atmel toolchain/avr8 gcc/native/3.4.1061/avr8-gnu-toolchain/bin/../lib/gcc/avr/4.8.1/../../../../avr/lib/avr5\libm.a(mulsf3.o)
 .bss           0x00000000        0x0 c:/program files (x86)/atmel/atmel toolchain/avr8 gcc/native/3.4.1061/avr8-gnu-toolchain/bin/../lib/gcc/avr/4.8.1/../../../../avr/lib/avr5\libm.a(mulsf3.o)
 .text.avr-libc.fplib
                0x00000000        0x4 c:/program files (x86)/atmel/atmel toolchain/avr8 gcc/native/3.4.1061/avr8-gnu-toolchain/bin/../lib/gcc/avr/4.8.1/../../../../avr/lib/avr5\libm.a(mulsf3.o)
 .text          0x00000000        0x0 c:/program files (x86)/atmel/atmel toolchain/avr8 gcc/native/3.4.1061/avr8-gnu-toolchain/bin/../lib/gcc/avr/4.8.1/../../../../avr/lib/avr5\libm.a(mulsf3x.o)
 .data          0x00000000        0x0 c:/program files (x86)/atmel/atmel toolchain/avr8 gcc/native/3.4.1061/avr8-gnu-toolchain/bin/../lib/gcc/avr/4.8.1/../../../../avr/lib/avr5\libm.a(mulsf3x.o)
 .bss           0x00000000        0x0 c:/program files (x86)/atmel/atmel toolchain/avr8 gcc/native/3.4.1061/avr8-gnu-toolchain/bin/../lib/gcc/avr/4.8.1/../../../../avr/lib/avr5\libm.a(mulsf3x.o)
 .text.avr-libc.fplib
                0x00000000       0xc2 c:/program files (x86)/atmel/atmel toolchain/avr8 gcc/native/3.4.1061/avr8-gnu-toolchain/bin/../lib/gcc/avr/4.8.1/../../../../avr/lib/avr5\libm.a(mulsf3x.o)
 .text          0x00000000        0x0 c:/program files (x86)/atmel/atmel toolchain/avr8 gcc/native/3.4.1061/avr8-gnu-toolchain/bin/../lib/gcc/avr/4.8.1/../../../../avr/lib/avr5\libm.a(fp_inf.o)
 .data          0x00000000        0x0 c:/program files (x86)/atmel/atmel toolchain/avr8 gcc/native/3.4.1061/avr8-gnu-toolchain/bin/../lib/gcc/avr/4.8.1/../../../../avr/lib/avr5\libm.a(fp_inf.o)
 .bss           0x00000000        0x0 c:/program files (x86)/atmel/atmel toolchain/avr8 gcc/native/3.4.1061/avr8-gnu-toolchain/bin/../lib/gcc/avr/4.8.1/../../../../avr/lib/avr5\libm.a(fp_inf.o)
 .text.avr-libc.fplib
                0x00000000        0xc c:/program files (x86)/atmel/atmel toolchain/avr8 gcc/native/3.4.1061/avr8-gnu-toolchain/bin/../lib/gcc/avr/4.8.1/../../../../avr/lib/avr5\libm.a(fp_inf.o)
 .text          0x00000000        0x0 c:/program files (x86)/atmel/atmel toolchain/avr8 gcc/native/3.4.1061/avr8-gnu-toolchain/bin/../lib/gcc/avr/4.8.1/../../../../avr/lib/avr5\libm.a(fp_nan.o)
 .data          0x00000000        0x0 c:/program files (x86)/atmel/atmel toolchain/avr8 gcc/native/3.4.1061/avr8-gnu-toolchain/bin/../lib/gcc/avr/4.8.1/../../../../avr/lib/avr5\libm.a(fp_nan.o)
 .bss           0x00000000        0x0 c:/program files (x86)/atmel/atmel toolchain/avr8 gcc/native/3.4.1061/avr8-gnu-toolchain/bin/../lib/gcc/avr/4.8.1/../../../../avr/lib/avr5\libm.a(fp_nan.o)
 .text.avr-libc.fplib
                0x00000000        0x6 c:/program files (x86)/atmel/atmel toolchain/avr8 gcc/native/3.4.1061/avr8-gnu-toolchain/bin/../lib/gcc/avr/4.8.1/../../../../avr/lib/avr5\libm.a(fp_nan.o)
 .text          0x00000000        0x0 c:/program files (x86)/atmel/atmel toolchain/avr8 gcc/native/3.4.1061/avr8-gnu-toolchain/bin/../lib/gcc/avr/4.8.1/../../../../avr/lib/avr5\libm.a(fp_pscA.o)
 .data          0x00000000        0x0 c:/program files (x86)/atmel/atmel toolchain/avr8 gcc/native/3.4.1061/avr8-gnu-toolchain/bin/../lib/gcc/avr/4.8.1/../../../../avr/lib/avr5\libm.a(fp_pscA.o)
 .bss           0x00000000        0x0 c:/program files (x86)/atmel/atmel toolchain/avr8 gcc/native/3.4.1061/avr8-gnu-toolchain/bin/../lib/gcc/avr/4.8.1/../../../../avr/lib/avr5\libm.a(fp_pscA.o)
 .text.avr-libc.fplib
                0x00000000        0xe c:/program files (x86)/atmel/atmel toolchain/avr8 gcc/native/3.4.1061/avr8-gnu-toolchain/bin/../lib/gcc/avr/4.8.1/../../../../avr/lib/avr5\libm.a(fp_pscA.o)
 .text          0x00000000        0x0 c:/program files (x86)/atmel/atmel toolchain/avr8 gcc/native/3.4.1061/avr8-gnu-toolchain/bin/../lib/gcc/avr/4.8.1/../../../../avr/lib/avr5\libm.a(fp_pscB.o)
 .data          0x00000000        0x0 c:/program files (x86)/atmel/atmel toolchain/avr8 gcc/native/3.4.1061/avr8-gnu-toolchain/bin/../lib/gcc/avr/4.8.1/../../../../avr/lib/avr5\libm.a(fp_pscB.o)
 .bss           0x00000000        0x0 c:/program files (x86)/atmel/atmel toolchain/avr8 gcc/native/3.4.1061/avr8-gnu-toolchain/bin/../lib/gcc/avr/4.8.1/../../../../avr/lib/avr5\libm.a(fp_pscB.o)
 .text.avr-libc.fplib
                0x00000000        0xe c:/program files (x86)/atmel/atmel toolchain/avr8 gcc/native/3.4.1061/avr8-gnu-toolchain/bin/../lib/gcc/avr/4.8.1/../../../../avr/lib/avr5\libm.a(fp_pscB.o)
 .text          0x00000000        0x0 c:/program files (x86)/atmel/atmel toolchain/avr8 gcc/native/3.4.1061/avr8-gnu-toolchain/bin/../lib/gcc/avr/4.8.1/../../../../avr/lib/avr5\libm.a(fp_round.o)
 .data          0x00000000        0x0 c:/program files (x86)/atmel/atmel toolchain/avr8 gcc/native/3.4.1061/avr8-gnu-toolchain/bin/../lib/gcc/avr/4.8.1/../../../../avr/lib/avr5\libm.a(fp_round.o)
 .bss           0x00000000        0x0 c:/program files (x86)/atmel/atmel toolchain/avr8 gcc/native/3.4.1061/avr8-gnu-toolchain/bin/../lib/gcc/avr/4.8.1/../../../../avr/lib/avr5\libm.a(fp_round.o)
 .text.avr-libc.fplib
                0x00000000       0x22 c:/program files (x86)/atmel/atmel toolchain/avr8 gcc/native/3.4.1061/avr8-gnu-toolchain/bin/../lib/gcc/avr/4.8.1/../../../../avr/lib/avr5\libm.a(fp_round.o)
 .text          0x00000000        0x0 c:/program files (x86)/atmel/atmel toolchain/avr8 gcc/native/3.4.1061/avr8-gnu-toolchain/bin/../lib/gcc/avr/4.8.1/avr5\libgcc.a(_divmodhi4.o)
 .data          0x00000000        0x0 c:/program files (x86)/atmel/atmel toolchain/avr8 gcc/native/3.4.1061/avr8-gnu-toolchain/bin/../lib/gcc/avr/4.8.1/avr5\libgcc.a(_divmodhi4.o)
 .bss           0x00000000        0x0 c:/program files (x86)/atmel/atmel toolchain/avr8 gcc/native/3.4.1061/avr8-gnu-toolchain/bin/../lib/gcc/avr/4.8.1/avr5\libgcc.a(_divmodhi4.o)
 .text.libgcc.mul
                0x00000000        0x0 c:/program files (x86)/atmel/atmel toolchain/avr8 gcc/native/3.4.1061/avr8-gnu-toolchain/bin/../lib/gcc/avr/4.8.1/avr5\libgcc.a(_divmodhi4.o)
 .text.libgcc.div
                0x00000000       0x28 c:/program files (x86)/atmel/atmel toolchain/avr8 gcc/native/3.4.1061/avr8-gnu-toolchain/bin/../lib/gcc/avr/4.8.1/avr5\libgcc.a(_divmodhi4.o)
 .text.libgcc   0x00000000        0x0 c:/program files (x86)/atmel/atmel toolchain/avr8 gcc/native/3.4.1061/avr8-gnu-toolchain/bin/../lib/gcc/avr/4.8.1/avr5\libgcc.a(_divmodhi4.o)
 .text.libgcc.prologue
                0x00000000        0x0 c:/program files (x86)/atmel/atmel toolchain/avr8 gcc/native/3.4.1061/avr8-gnu-toolchain/bin/../lib/gcc/avr/4.8.1/avr5\libgcc.a(_divmodhi4.o)
 .text.libgcc.builtins
                0x00000000        0x0 c:/program files (x86)/atmel/atmel toolchain/avr8 gcc/native/3.4.1061/avr8-gnu-toolchain/bin/../lib/gcc/avr/4.8.1/avr5\libgcc.a(_divmodhi4.o)
 .text.libgcc.fmul
                0x00000000        0x0 c:/program files (x86)/atmel/atmel toolchain/avr8 gcc/native/3.4.1061/avr8-gnu-toolchain/bin/../lib/gcc/avr/4.8.1/avr5\libgcc.a(_divmodhi4.o)
 .text.libgcc.fixed
                0x00000000        0x0 c:/program files (x86)/atmel/atmel toolchain/avr8 gcc/native/3.4.1061/avr8-gnu-toolchain/bin/../lib/gcc/avr/4.8.1/avr5\libgcc.a(_divmodhi4.o)
 .text          0x00000000        0x0 c:/program files (x86)/atmel/atmel toolchain/avr8 gcc/native/3.4.1061/avr8-gnu-toolchain/bin/../lib/gcc/avr/4.8.1/avr5\libgcc.a(_exit.o)
 .data          0x00000000        0x0 c:/program files (x86)/atmel/atmel toolchain/avr8 gcc/native/3.4.1061/avr8-gnu-toolchain/bin/../lib/gcc/avr/4.8.1/avr5\libgcc.a(_exit.o)
 .bss           0x00000000        0x0 c:/program files (x86)/atmel/atmel toolchain/avr8 gcc/native/3.4.1061/avr8-gnu-toolchain/bin/../lib/gcc/avr/4.8.1/avr5\libgcc.a(_exit.o)
 .text.libgcc.mul
                0x00000000        0x0 c:/program files (x86)/atmel/atmel toolchain/avr8 gcc/native/3.4.1061/avr8-gnu-toolchain/bin/../lib/gcc/avr/4.8.1/avr5\libgcc.a(_exit.o)
 .text.libgcc.div
                0x00000000        0x0 c:/program files (x86)/atmel/atmel toolchain/avr8 gcc/native/3.4.1061/avr8-gnu-toolchain/bin/../lib/gcc/avr/4.8.1/avr5\libgcc.a(_exit.o)
 .text.libgcc   0x00000000        0x0 c:/program files (x86)/atmel/atmel toolchain/avr8 gcc/native/3.4.1061/avr8-gnu-toolchain/bin/../lib/gcc/avr/4.8.1/avr5\libgcc.a(_exit.o)
 .text.libgcc.prologue
                0x00000000        0x0 c:/program files (x86)/atmel/atmel toolchain/avr8 gcc/native/3.4.1061/avr8-gnu-toolchain/bin/../lib/gcc/avr/4.8.1/avr5\libgcc.a(_exit.o)
 .text.libgcc.builtins
                0x00000000        0x0 c:/program files (x86)/atmel/atmel toolchain/avr8 gcc/native/3.4.1061/avr8-gnu-toolchain/bin/../lib/gcc/avr/4.8.1/avr5\libgcc.a(_exit.o)
 .text.libgcc.fmul
                0x00000000        0x0 c:/program files (x86)/atmel/atmel toolchain/avr8 gcc/native/3.4.1061/avr8-gnu-toolchain/bin/../lib/gcc/avr/4.8.1/avr5\libgcc.a(_exit.o)
 .text.libgcc.fixed
                0x00000000        0x0 c:/program files (x86)/atmel/atmel toolchain/avr8 gcc/native/3.4.1061/avr8-gnu-toolchain/bin/../lib/gcc/avr/4.8.1/avr5\libgcc.a(_exit.o)
 .text          0x00000000        0x0 c:/program files (x86)/atmel/atmel toolchain/avr8 gcc/native/3.4.1061/avr8-gnu-toolchain/bin/../lib/gcc/avr/4.8.1/avr5\libgcc.a(_tablejump.o)
 .data          0x00000000        0x0 c:/program files (x86)/atmel/atmel toolchain/avr8 gcc/native/3.4.1061/avr8-gnu-toolchain/bin/../lib/gcc/avr/4.8.1/avr5\libgcc.a(_tablejump.o)
 .bss           0x00000000        0x0 c:/program files (x86)/atmel/atmel toolchain/avr8 gcc/native/3.4.1061/avr8-gnu-toolchain/bin/../lib/gcc/avr/4.8.1/avr5\libgcc.a(_tablejump.o)
 .text.libgcc.mul
                0x00000000        0x0 c:/program files (x86)/atmel/atmel toolchain/avr8 gcc/native/3.4.1061/avr8-gnu-toolchain/bin/../lib/gcc/avr/4.8.1/avr5\libgcc.a(_tablejump.o)
 .text.libgcc.div
                0x00000000        0x0 c:/program files (x86)/atmel/atmel toolchain/avr8 gcc/native/3.4.1061/avr8-gnu-toolchain/bin/../lib/gcc/avr/4.8.1/avr5\libgcc.a(_tablejump.o)
 .text.libgcc.prologue
                0x00000000        0x0 c:/program files (x86)/atmel/atmel toolchain/avr8 gcc/native/3.4.1061/avr8-gnu-toolchain/bin/../lib/gcc/avr/4.8.1/avr5\libgcc.a(_tablejump.o)
 .text.libgcc.builtins
                0x00000000        0x0 c:/program files (x86)/atmel/atmel toolchain/avr8 gcc/native/3.4.1061/avr8-gnu-toolchain/bin/../lib/gcc/avr/4.8.1/avr5\libgcc.a(_tablejump.o)
 .text.libgcc.fmul
                0x00000000        0x0 c:/program files (x86)/atmel/atmel toolchain/avr8 gcc/native/3.4.1061/avr8-gnu-toolchain/bin/../lib/gcc/avr/4.8.1/avr5\libgcc.a(_tablejump.o)
 .text.libgcc.fixed
                0x00000000        0x0 c:/program files (x86)/atmel/atmel toolchain/avr8 gcc/native/3.4.1061/avr8-gnu-toolchain/bin/../lib/gcc/avr/4.8.1/avr5\libgcc.a(_tablejump.o)
 .text          0x00000000        0x0 c:/program files (x86)/atmel/atmel toolchain/avr8 gcc/native/3.4.1061/avr8-gnu-toolchain/bin/../lib/gcc/avr/4.8.1/avr5\libgcc.a(_copy_data.o)
 .data          0x00000000        0x0 c:/program files (x86)/atmel/atmel toolchain/avr8 gcc/native/3.4.1061/avr8-gnu-toolchain/bin/../lib/gcc/avr/4.8.1/avr5\libgcc.a(_copy_data.o)
 .bss           0x00000000        0x0 c:/program files (x86)/atmel/atmel toolchain/avr8 gcc/native/3.4.1061/avr8-gnu-toolchain/bin/../lib/gcc/avr/4.8.1/avr5\libgcc.a(_copy_data.o)
 .text.libgcc.mul
                0x00000000        0x0 c:/program files (x86)/atmel/atmel toolchain/avr8 gcc/native/3.4.1061/avr8-gnu-toolchain/bin/../lib/gcc/avr/4.8.1/avr5\libgcc.a(_copy_data.o)
 .text.libgcc.div
                0x00000000        0x0 c:/program files (x86)/atmel/atmel toolchain/avr8 gcc/native/3.4.1061/avr8-gnu-toolchain/bin/../lib/gcc/avr/4.8.1/avr5\libgcc.a(_copy_data.o)
 .text.libgcc   0x00000000        0x0 c:/program files (x86)/atmel/atmel toolchain/avr8 gcc/native/3.4.1061/avr8-gnu-toolchain/bin/../lib/gcc/avr/4.8.1/avr5\libgcc.a(_copy_data.o)
 .text.libgcc.prologue
                0x00000000        0x0 c:/program files (x86)/atmel/atmel toolchain/avr8 gcc/native/3.4.1061/avr8-gnu-toolchain/bin/../lib/gcc/avr/4.8.1/avr5\libgcc.a(_copy_data.o)
 .text.libgcc.builtins
                0x00000000        0x0 c:/program files (x86)/atmel/atmel toolchain/avr8 gcc/native/3.4.1061/avr8-gnu-toolchain/bin/../lib/gcc/avr/4.8.1/avr5\libgcc.a(_copy_data.o)
 .text.libgcc.fmul
                0x00000000        0x0 c:/program files (x86)/atmel/atmel toolchain/avr8 gcc/native/3.4.1061/avr8-gnu-toolchain/bin/../lib/gcc/avr/4.8.1/avr5\libgcc.a(_copy_data.o)
 .text.libgcc.fixed
                0x00000000        0x0 c:/program files (x86)/atmel/atmel toolchain/avr8 gcc/native/3.4.1061/avr8-gnu-toolchain/bin/../lib/gcc/avr/4.8.1/avr5\libgcc.a(_copy_data.o)
 .text          0x00000000        0x0 c:/program files (x86)/atmel/atmel toolchain/avr8 gcc/native/3.4.1061/avr8-gnu-toolchain/bin/../lib/gcc/avr/4.8.1/avr5\libgcc.a(_clear_bss.o)
 .data          0x00000000        0x0 c:/program files (x86)/atmel/atmel toolchain/avr8 gcc/native/3.4.1061/avr8-gnu-toolchain/bin/../lib/gcc/avr/4.8.1/avr5\libgcc.a(_clear_bss.o)
 .bss           0x00000000        0x0 c:/program files (x86)/atmel/atmel toolchain/avr8 gcc/native/3.4.1061/avr8-gnu-toolchain/bin/../lib/gcc/avr/4.8.1/avr5\libgcc.a(_clear_bss.o)
 .text.libgcc.mul
                0x00000000        0x0 c:/program files (x86)/atmel/atmel toolchain/avr8 gcc/native/3.4.1061/avr8-gnu-toolchain/bin/../lib/gcc/avr/4.8.1/avr5\libgcc.a(_clear_bss.o)
 .text.libgcc.div
                0x00000000        0x0 c:/program files (x86)/atmel/atmel toolchain/avr8 gcc/native/3.4.1061/avr8-gnu-toolchain/bin/../lib/gcc/avr/4.8.1/avr5\libgcc.a(_clear_bss.o)
 .text.libgcc   0x00000000        0x0 c:/program files (x86)/atmel/atmel toolchain/avr8 gcc/native/3.4.1061/avr8-gnu-toolchain/bin/../lib/gcc/avr/4.8.1/avr5\libgcc.a(_clear_bss.o)
 .text.libgcc.prologue
                0x00000000        0x0 c:/program files (x86)/atmel/atmel toolchain/avr8 gcc/native/3.4.1061/avr8-gnu-toolchain/bin/../lib/gcc/avr/4.8.1/avr5\libgcc.a(_clear_bss.o)
 .text.libgcc.builtins
                0x00000000        0x0 c:/program files (x86)/atmel/atmel toolchain/avr8 gcc/native/3.4.1061/avr8-gnu-toolchain/bin/../lib/gcc/avr/4.8.1/avr5\libgcc.a(_clear_bss.o)
 .text.libgcc.fmul
                0x00000000        0x0 c:/program files (x86)/atmel/atmel toolchain/avr8 gcc/native/3.4.1061/avr8-gnu-toolchain/bin/../lib/gcc/avr/4.8.1/avr5\libgcc.a(_clear_bss.o)
 .text.libgcc.fixed
                0x00000000        0x0 c:/program files (x86)/atmel/atmel toolchain/avr8 gcc/native/3.4.1061/avr8-gnu-toolchain/bin/../lib/gcc/avr/4.8.1/avr5\libgcc.a(_clear_bss.o)
 .text          0x00000000        0x0 c:/program files (x86)/atmel/atmel toolchain/avr8 gcc/native/3.4.1061/avr8-gnu-toolchain/bin/../lib/gcc/avr/4.8.1/avr5\libgcc.a(_udivmodhi4.o)
 .data          0x00000000        0x0 c:/program files (x86)/atmel/atmel toolchain/avr8 gcc/native/3.4.1061/avr8-gnu-toolchain/bin/../lib/gcc/avr/4.8.1/avr5\libgcc.a(_udivmodhi4.o)
 .bss           0x00000000        0x0 c:/program files (x86)/atmel/atmel toolchain/avr8 gcc/native/3.4.1061/avr8-gnu-toolchain/bin/../lib/gcc/avr/4.8.1/avr5\libgcc.a(_udivmodhi4.o)
 .text.libgcc.mul
                0x00000000        0x0 c:/program files (x86)/atmel/atmel toolchain/avr8 gcc/native/3.4.1061/avr8-gnu-toolchain/bin/../lib/gcc/avr/4.8.1/avr5\libgcc.a(_udivmodhi4.o)
 .text.libgcc.div
                0x00000000       0x28 c:/program files (x86)/atmel/atmel toolchain/avr8 gcc/native/3.4.1061/avr8-gnu-toolchain/bin/../lib/gcc/avr/4.8.1/avr5\libgcc.a(_udivmodhi4.o)
 .text.libgcc   0x00000000        0x0 c:/program files (x86)/atmel/atmel toolchain/avr8 gcc/native/3.4.1061/avr8-gnu-toolchain/bin/../lib/gcc/avr/4.8.1/avr5\libgcc.a(_udivmodhi4.o)
 .text.libgcc.prologue
                0x00000000        0x0 c:/program files (x86)/atmel/atmel toolchain/avr8 gcc/native/3.4.1061/avr8-gnu-toolchain/bin/../lib/gcc/avr/4.8.1/avr5\libgcc.a(_udivmodhi4.o)
 .text.libgcc.builtins
                0x00000000        0x0 c:/program files (x86)/atmel/atmel toolchain/avr8 gcc/native/3.4.1061/avr8-gnu-toolchain/bin/../lib/gcc/avr/4.8.1/avr5\libgcc.a(_udivmodhi4.o)
 .text.libgcc.fmul
                0x00000000        0x0 c:/program files (x86)/atmel/atmel toolchain/avr8 gcc/native/3.4.1061/avr8-gnu-toolchain/bin/../lib/gcc/avr/4.8.1/avr5\libgcc.a(_udivmodhi4.o)
 .text.libgcc.fixed
                0x00000000        0x0 c:/program files (x86)/atmel/atmel toolchain/avr8 gcc/native/3.4.1061/avr8-gnu-toolchain/bin/../lib/gcc/avr/4.8.1/avr5\libgcc.a(_udivmodhi4.o)

Memory Configuration

Name             Origin             Length             Attributes
text             0x00000000         0x00020000         xr
data             0x00800060         0x0000ffa0         rw !x
eeprom           0x00810000         0x00010000         rw !x
fuse             0x00820000         0x00000400         rw !x
lock             0x00830000         0x00000400         rw !x
signature        0x00840000         0x00000400         rw !x
user_signatures  0x00850000         0x00000400         rw !x
*default*        0x00000000         0xffffffff

Linker script and memory map

LOAD c:/program files (x86)/atmel/atmel toolchain/avr8 gcc/native/3.4.1061/avr8-gnu-toolchain/bin/../lib/gcc/avr/4.8.1/../../../../avr/lib/avr5/crtm32.o
LOAD APP/ADC_APP/ADC_APP.o
LOAD APP/Calculator/Calculator.o
LOAD APP/GameUsingTimer/GameUsingTimer.o
LOAD APP/GPIO_App/GPIO_APP.o
LOAD APP/KeyPad_APP/KeyPad_APP.o
LOAD APP/LM35 On LCD/LM35OnLCD.o
LOAD APP/Multiplaxing_2SevenSegment/Multi_7Segment.o
LOAD APP/RealTimeClock/RealTimeClock.o
LOAD APP/Timer_APP/Timer_APP.o
LOAD APP/Timer_CTC_APP/Timer_CTC_APP.o
LOAD APP/TIMER_FastPWM/Timer_FastPWM.o
LOAD APP/Timer_OC0_NonPWM/Timer_OC0_NonPWM.o
LOAD APP/Timer_PhaseCorrectPWM/Timer_PhaseCorrectPWM.o
LOAD APP/Traffic_Light/Traffic_Light.o
LOAD AVR_32_Driver.o
LOAD HAL/BCD 7-Segment/BCD Seven Segment.o
LOAD HAL/BUZZER_File/BUZZER.o
LOAD HAL/Direct 7-Segment/Direct_7-Segment.o
LOAD HAL/Keypad/Keypad.o
LOAD HAL/LCD_Screen/LCD.o
LOAD HAL/LED_File/LED.o
LOAD HAL/Push Button/Push Button.o
LOAD HAL/Relay_File/Relay.o
LOAD HAL/Tempreture_Sensor_LM35/LM35.o
LOAD HAL/Water_Level_Seneor/Water_Level_Seneor.o
LOAD MCAL/ADC/ADC_File.o
LOAD MCAL/CommuncationProtocols/USART_File.o
LOAD MCAL/DIO/GPIO.o
LOAD MCAL/Interrupt/Interrupt.o
LOAD MCAL/Timer 0,2/Timer0.o
START GROUP
LOAD c:/program files (x86)/atmel/atmel toolchain/avr8 gcc/native/3.4.1061/avr8-gnu-toolchain/bin/../lib/gcc/avr/4.8.1/../../../../avr/lib/avr5\libm.a
END GROUP
START GROUP
LOAD c:/program files (x86)/atmel/atmel toolchain/avr8 gcc/native/3.4.1061/avr8-gnu-toolchain/bin/../lib/gcc/avr/4.8.1/avr5\libgcc.a
LOAD c:/program files (x86)/atmel/atmel toolchain/avr8 gcc/native/3.4.1061/avr8-gnu-toolchain/bin/../lib/gcc/avr/4.8.1/../../../../avr/lib/avr5\libm.a
LOAD c:/program files (x86)/atmel/atmel toolchain/avr8 gcc/native/3.4.1061/avr8-gnu-toolchain/bin/../lib/gcc/avr/4.8.1/../../../../avr/lib/avr5\libc.a
END GROUP

.hash
 *(.hash)

.dynsym
 *(.dynsym)

.dynstr
 *(.dynstr)

.gnu.version
 *(.gnu.version)

.gnu.version_d
 *(.gnu.version_d)

.gnu.version_r
 *(.gnu.version_r)

.rel.init
 *(.rel.init)

.rela.init
 *(.rela.init)

.rel.text
 *(.rel.text)
 *(.rel.text.*)
 *(.rel.gnu.linkonce.t*)

.rela.text
 *(.rela.text)
 *(.rela.text.*)
 *(.rela.gnu.linkonce.t*)

.rel.fini
 *(.rel.fini)

.rela.fini
 *(.rela.fini)

.rel.rodata
 *(.rel.rodata)
 *(.rel.rodata.*)
 *(.rel.gnu.linkonce.r*)

.rela.rodata
 *(.rela.rodata)
 *(.rela.rodata.*)
 *(.rela.gnu.linkonce.r*)

.rel.data
 *(.rel.data)
 *(.rel.data.*)
 *(.rel.gnu.linkonce.d*)

.rela.data
 *(.rela.data)
 *(.rela.data.*)
 *(.rela.gnu.linkonce.d*)

.rel.ctors
 *(.rel.ctors)

.rela.ctors
 *(.rela.ctors)

.rel.dtors
 *(.rel.dtors)

.rela.dtors
 *(.rela.dtors)

.rel.got
 *(.rel.got)

.rela.got
 *(.rela.got)

.rel.bss
 *(.rel.bss)

.rela.bss
 *(.rela.bss)

.rel.plt
 *(.rel.plt)

.rela.plt
 *(.rela.plt)

.text           0x00000000     0x142c
 *(.vectors)
 .vectors       0x00000000       0x54 c:/program files (x86)/atmel/atmel toolchain/avr8 gcc/native/3.4.1061/avr8-gnu-toolchain/bin/../lib/gcc/avr/4.8.1/../../../../avr/lib/avr5/crtm32.o
                0x00000000                __vector_default
                0x00000000                __vectors
 *(.vectors)
 *(.progmem.gcc*)
 .progmem.gcc_sw_table.TIMER_Init
                0x00000054       0x4a MCAL/Timer 0,2/Timer0.o
                0x0000009e                . = ALIGN (0x2)
                0x0000009e                __trampolines_start = .
 *(.trampolines)
 .trampolines   0x0000009e        0x0 linker stubs
 *(.trampolines*)
                0x0000009e                __trampolines_end = .
 *(.progmem*)
                0x0000009e                . = ALIGN (0x2)
 *(.jumptables)
 *(.jumptables*)
 *(.lowtext)
 *(.lowtext*)
                0x0000009e                __ctors_start = .
 *(.ctors)
                0x0000009e                __ctors_end = .
                0x0000009e                __dtors_start = .
 *(.dtors)
                0x0000009e                __dtors_end = .
 SORT(*)(.ctors)
 SORT(*)(.dtors)
 *(.init0)
 .init0         0x0000009e        0x0 c:/program files (x86)/atmel/atmel toolchain/avr8 gcc/native/3.4.1061/avr8-gnu-toolchain/bin/../lib/gcc/avr/4.8.1/../../../../avr/lib/avr5/crtm32.o
                0x0000009e                __init
 *(.init0)
 *(.init1)
 *(.init1)
 *(.init2)
 .init2         0x0000009e        0xc c:/program files (x86)/atmel/atmel toolchain/avr8 gcc/native/3.4.1061/avr8-gnu-toolchain/bin/../lib/gcc/avr/4.8.1/../../../../avr/lib/avr5/crtm32.o
 *(.init2)
 *(.init3)
 *(.init3)
 *(.init4)
 .init4         0x000000aa       0x16 c:/program files (x86)/atmel/atmel toolchain/avr8 gcc/native/3.4.1061/avr8-gnu-toolchain/bin/../lib/gcc/avr/4.8.1/avr5\libgcc.a(_copy_data.o)
                0x000000aa                __do_copy_data
 .init4         0x000000c0       0x10 c:/program files (x86)/atmel/atmel toolchain/avr8 gcc/native/3.4.1061/avr8-gnu-toolchain/bin/../lib/gcc/avr/4.8.1/avr5\libgcc.a(_clear_bss.o)
                0x000000c0                __do_clear_bss
 *(.init4)
 *(.init5)
 *(.init5)
 *(.init6)
 *(.init6)
 *(.init7)
 *(.init7)
 *(.init8)
 *(.init8)
 *(.init9)
 .init9         0x000000d0        0x8 c:/program files (x86)/atmel/atmel toolchain/avr8 gcc/native/3.4.1061/avr8-gnu-toolchain/bin/../lib/gcc/avr/4.8.1/../../../../avr/lib/avr5/crtm32.o
 *(.init9)
 *(.text)
 .text          0x000000d8        0x4 c:/program files (x86)/atmel/atmel toolchain/avr8 gcc/native/3.4.1061/avr8-gnu-toolchain/bin/../lib/gcc/avr/4.8.1/../../../../avr/lib/avr5/crtm32.o
                0x000000d8                __vector_12
                0x000000d8                __bad_interrupt
                0x000000d8                __vector_6
                0x000000d8                __vector_13
                0x000000d8                __vector_17
                0x000000d8                __vector_19
                0x000000d8                __vector_7
                0x000000d8                __vector_9
                0x000000d8                __vector_15
                0x000000d8                __vector_8
                0x000000d8                __vector_14
                0x000000d8                __vector_18
                0x000000d8                __vector_20
                0x000000dc                . = ALIGN (0x2)
 *(.text.*)
 .text.ISR_CTC_Timer_2
                0x000000dc        0xc APP/RealTimeClock/RealTimeClock.o
                0x000000dc                ISR_CTC_Timer_2
 .text.Real_Time_Init_System
                0x000000e8       0xd0 APP/RealTimeClock/RealTimeClock.o
                0x000000e8                Real_Time_Init_System
 .text.Real_Time_control_System
                0x000001b8      0x610 APP/RealTimeClock/RealTimeClock.o
                0x000001b8                Real_Time_control_System
 .text.startup.main
                0x000007c8        0xa AVR_32_Driver.o
                0x000007c8                main
 .text.Seven_Seg_Init
                0x000007d2        0x6 HAL/Direct 7-Segment/Direct_7-Segment.o
                0x000007d2                Seven_Seg_Init
 .text.Seven_Seg_Write
                0x000007d8       0x74 HAL/Direct 7-Segment/Direct_7-Segment.o
                0x000007d8                Seven_Seg_Write
 .text.keypad_Init
                0x0000084c       0x92 HAL/Keypad/Keypad.o
                0x0000084c                keypad_Init
 .text.keypad_Read
                0x000008de      0x110 HAL/Keypad/Keypad.o
                0x000008de                keypad_Read
 .text.LCD_Init
                0x000009ee      0x2d0 HAL/LCD_Screen/LCD.o
                0x000009ee                LCD_Init
 .text.Send_char_LCD
                0x00000cbe       0xa0 HAL/LCD_Screen/LCD.o
                0x00000cbe                Send_char_LCD
 .text.Clear_LCD
                0x00000d5e       0xa2 HAL/LCD_Screen/LCD.o
                0x00000d5e                Clear_LCD
 .text.Send_String_LCD
                0x00000e00       0xba HAL/LCD_Screen/LCD.o
                0x00000e00                Send_String_LCD
 .text.GPIO_Pin_Configuration
                0x00000eba       0x6a MCAL/DIO/GPIO.o
                0x00000eba                GPIO_Pin_Configuration
 .text.GPIO_Pin_Write
                0x00000f24       0x3a MCAL/DIO/GPIO.o
                0x00000f24                GPIO_Pin_Write
 .text.GPIO_Pin_Read
                0x00000f5e       0x26 MCAL/DIO/GPIO.o
                0x00000f5e                GPIO_Pin_Read
 .text.GPIO_Port_Configuration
                0x00000f84        0x6 MCAL/DIO/GPIO.o
                0x00000f84                GPIO_Port_Configuration
 .text.GPIO_Port_Write
                0x00000f8a        0x6 MCAL/DIO/GPIO.o
                0x00000f8a                GPIO_Port_Write
 .text.GPIO_Write_High_Nibble
                0x00000f90       0x4a MCAL/DIO/GPIO.o
                0x00000f90                GPIO_Write_High_Nibble
 .text.__vector_1
                0x00000fda       0x52 MCAL/Interrupt/Interrupt.o
                0x00000fda                __vector_1
 .text.__vector_2
                0x0000102c        0xe MCAL/Interrupt/Interrupt.o
                0x0000102c                __vector_2
 .text.__vector_3
                0x0000103a       0x52 MCAL/Interrupt/Interrupt.o
                0x0000103a                __vector_3
 .text.__vector_16
                0x0000108c       0x52 MCAL/Interrupt/Interrupt.o
                0x0000108c                __vector_16
 .text.Timer2_OverFlow_Callback
                0x000010de        0xe MCAL/Timer 0,2/Timer0.o
                0x000010de                Timer2_OverFlow_Callback
 .text.TIMER_Init
                0x000010ec      0x1e8 MCAL/Timer 0,2/Timer0.o
                0x000010ec                TIMER_Init
 .text.__vector_10
                0x000012d4       0x52 MCAL/Timer 0,2/Timer0.o
                0x000012d4                __vector_10
 .text.__vector_11
                0x00001326       0x52 MCAL/Timer 0,2/Timer0.o
                0x00001326                __vector_11
 .text.__vector_5
                0x00001378       0x52 MCAL/Timer 0,2/Timer0.o
                0x00001378                __vector_5
 .text.__vector_4
                0x000013ca       0x52 MCAL/Timer 0,2/Timer0.o
                0x000013ca                __vector_4
 .text.libgcc   0x0000141c        0xc c:/program files (x86)/atmel/atmel toolchain/avr8 gcc/native/3.4.1061/avr8-gnu-toolchain/bin/../lib/gcc/avr/4.8.1/avr5\libgcc.a(_tablejump.o)
                0x0000141c                __tablejump2__
                0x00001420                __tablejump__
                0x00001428                . = ALIGN (0x2)
 *(.fini9)
 .fini9         0x00001428        0x0 c:/program files (x86)/atmel/atmel toolchain/avr8 gcc/native/3.4.1061/avr8-gnu-toolchain/bin/../lib/gcc/avr/4.8.1/avr5\libgcc.a(_exit.o)
                0x00001428                _exit
                0x00001428                exit
 *(.fini9)
 *(.fini8)
 *(.fini8)
 *(.fini7)
 *(.fini7)
 *(.fini6)
 *(.fini6)
 *(.fini5)
 *(.fini5)
 *(.fini4)
 *(.fini4)
 *(.fini3)
 *(.fini3)
 *(.fini2)
 *(.fini2)
 *(.fini1)
 *(.fini1)
 *(.fini0)
 .fini0         0x00001428        0x4 c:/program files (x86)/atmel/atmel toolchain/avr8 gcc/native/3.4.1061/avr8-gnu-toolchain/bin/../lib/gcc/avr/4.8.1/avr5\libgcc.a(_exit.o)
 *(.fini0)
                0x0000142c                _etext = .

.data           0x00800060       0x7e load address 0x0000142c
                0x00800060                PROVIDE (__data_start, .)
 *(.data)
 *(.data*)
 .data.keypad_app_1
                0x00800060        0xa APP/RealTimeClock/RealTimeClock.o
                0x00800060                keypad_app_1
 .data.counter_app_3
                0x0080006a        0x5 APP/RealTimeClock/RealTimeClock.o
                0x0080006a                counter_app_3
 *(.rodata)
 .rodata        0x0080006f        0xa HAL/Direct 7-Segment/Direct_7-Segment.o
 .rodata        0x00800079       0x10 HAL/Keypad/Keypad.o
 *(.rodata*)
 .rodata.str1.1
                0x00800089       0x4f APP/RealTimeClock/RealTimeClock.o
 .rodata.CSWTCH.14
                0x008000d8        0x3 MCAL/Timer 0,2/Timer0.o
 .rodata.CSWTCH.13
                0x008000db        0x3 MCAL/Timer 0,2/Timer0.o
 *(.gnu.linkonce.d*)
                0x008000de                . = ALIGN (0x2)
                0x008000de                _edata = .
                0x008000de                PROVIDE (__data_end, .)

.bss            0x008000de       0x1a
                0x008000de                PROVIDE (__bss_start, .)
 *(.bss)
 *(.bss*)
 .bss.Second_Digit
                0x008000de        0x1 APP/RealTimeClock/RealTimeClock.o
                0x008000de                Second_Digit
 .bss.First_Digit
                0x008000df        0x1 APP/RealTimeClock/RealTimeClock.o
                0x008000df                First_Digit
 .bss.Hour_Counter
                0x008000e0        0x1 APP/RealTimeClock/RealTimeClock.o
                0x008000e0                Hour_Counter
 .bss.Min_Counter
                0x008000e1        0x1 APP/RealTimeClock/RealTimeClock.o
                0x008000e1                Min_Counter
 .bss.Sec_Counter
                0x008000e2        0x1 APP/RealTimeClock/RealTimeClock.o
                0x008000e2                Sec_Counter
 .bss.ADC_INT_ISR
                0x008000e3        0x2 MCAL/Interrupt/Interrupt.o
                0x008000e3                ADC_INT_ISR
 .bss.EXT_INT2_ISR
                0x008000e5        0x2 MCAL/Interrupt/Interrupt.o
                0x008000e5                EXT_INT2_ISR
 .bss.EXT_INT1_ISR
                0x008000e7        0x2 MCAL/Interrupt/Interrupt.o
                0x008000e7                EXT_INT1_ISR
 .bss.EXT_INT0_ISR
                0x008000e9        0x2 MCAL/Interrupt/Interrupt.o
                0x008000e9                EXT_INT0_ISR
 .bss.CP_TIMER2_CompareMatch_User_ptr
                0x008000eb        0x2 MCAL/Timer 0,2/Timer0.o
 .bss.CP_TIMER2_Overflow_User_ptr
                0x008000ed        0x2 MCAL/Timer 0,2/Timer0.o
 .bss.CP_TIMER0_CompareMatch_User_ptr
                0x008000ef        0x2 MCAL/Timer 0,2/Timer0.o
 .bss.CP_TIMER0_Overflow_User_ptr
                0x008000f1        0x2 MCAL/Timer 0,2/Timer0.o
 *(COMMON)
 COMMON         0x008000f3        0x5 APP/GameUsingTimer/GameUsingTimer.o
                0x008000f3                Flag1
                0x008000f5                counter1
                0x008000f7                keypad_Read_Value
                0x008000f8                PROVIDE (__bss_end, .)
                0x0000142c                __data_load_start = LOADADDR (.data)
                0x000014aa                __data_load_end = (__data_load_start + SIZEOF (.data))

.noinit         0x008000f8        0x0
                0x008000f8                PROVIDE (__noinit_start, .)
 *(.noinit*)
                0x008000f8                PROVIDE (__noinit_end, .)
                0x008000f8                _end = .
                0x008000f8                PROVIDE (__heap_start, .)

.eeprom         0x00810000        0x0
 *(.eeprom*)
                0x00810000                __eeprom_end = .

.fuse
 *(.fuse)
 *(.lfuse)
 *(.hfuse)
 *(.efuse)

.lock
 *(.lock*)

.signature
 *(.signature*)

.user_signatures
 *(.user_signatures*)

.stab
 *(.stab)

.stabstr
 *(.stabstr)

.stab.excl
 *(.stab.excl)

.stab.exclstr
 *(.stab.exclstr)

.stab.index
 *(.stab.index)

.stab.indexstr
 *(.stab.indexstr)

.comment        0x00000000       0x30
 *(.comment)
 .comment       0x00000000       0x30 APP/GameUsingTimer/GameUsingTimer.o
                                 0x31 (size before relaxing)
 .comment       0x00000000       0x31 APP/RealTimeClock/RealTimeClock.o
 .comment       0x00000000       0x31 AVR_32_Driver.o
 .comment       0x00000000       0x31 HAL/Direct 7-Segment/Direct_7-Segment.o
 .comment       0x00000000       0x31 HAL/Keypad/Keypad.o
 .comment       0x00000000       0x31 HAL/LCD_Screen/LCD.o
 .comment       0x00000000       0x31 MCAL/DIO/GPIO.o
 .comment       0x00000000       0x31 MCAL/Interrupt/Interrupt.o
 .comment       0x00000000       0x31 MCAL/Timer 0,2/Timer0.o

.note.gnu.build-id
 *(.note.gnu.build-id)

.debug
 *(.debug)

.line
 *(.line)

.debug_srcinfo
 *(.debug_srcinfo)

.debug_sfnames
 *(.debug_sfnames)

.debug_aranges  0x00000000      0x228
 *(.debug_aranges)
 .debug_aranges
                0x00000000       0x30 APP/GameUsingTimer/GameUsingTimer.o
 .debug_aranges
                0x00000030       0x30 APP/RealTimeClock/RealTimeClock.o
 .debug_aranges
                0x00000060       0x20 AVR_32_Driver.o
 .debug_aranges
                0x00000080       0x28 HAL/Direct 7-Segment/Direct_7-Segment.o
 .debug_aranges
                0x000000a8       0x28 HAL/Keypad/Keypad.o
 .debug_aranges
                0x000000d0       0x48 HAL/LCD_Screen/LCD.o
 .debug_aranges
                0x00000118       0x68 MCAL/DIO/GPIO.o
 .debug_aranges
                0x00000180       0x40 MCAL/Interrupt/Interrupt.o
 .debug_aranges
                0x000001c0       0x68 MCAL/Timer 0,2/Timer0.o

.debug_pubnames
 *(.debug_pubnames)

.debug_info     0x00000000     0x4681
 *(.debug_info .gnu.linkonce.wi.*)
 .debug_info    0x00000000      0x65a APP/GameUsingTimer/GameUsingTimer.o
 .debug_info    0x0000065a     0x1253 APP/RealTimeClock/RealTimeClock.o
 .debug_info    0x000018ad       0xd0 AVR_32_Driver.o
 .debug_info    0x0000197d      0x241 HAL/Direct 7-Segment/Direct_7-Segment.o
 .debug_info    0x00001bbe      0x505 HAL/Keypad/Keypad.o
 .debug_info    0x000020c3     0x1a73 HAL/LCD_Screen/LCD.o
 .debug_info    0x00003b36      0x40d MCAL/DIO/GPIO.o
 .debug_info    0x00003f43      0x1b3 MCAL/Interrupt/Interrupt.o
 .debug_info    0x000040f6      0x58b MCAL/Timer 0,2/Timer0.o

.debug_abbrev   0x00000000      0xd74
 *(.debug_abbrev)
 .debug_abbrev  0x00000000      0x243 APP/GameUsingTimer/GameUsingTimer.o
 .debug_abbrev  0x00000243      0x256 APP/RealTimeClock/RealTimeClock.o
 .debug_abbrev  0x00000499       0x78 AVR_32_Driver.o
 .debug_abbrev  0x00000511      0x13f HAL/Direct 7-Segment/Direct_7-Segment.o
 .debug_abbrev  0x00000650      0x176 HAL/Keypad/Keypad.o
 .debug_abbrev  0x000007c6      0x231 HAL/LCD_Screen/LCD.o
 .debug_abbrev  0x000009f7      0x112 MCAL/DIO/GPIO.o
 .debug_abbrev  0x00000b09       0xcd MCAL/Interrupt/Interrupt.o
 .debug_abbrev  0x00000bd6      0x19e MCAL/Timer 0,2/Timer0.o

.debug_line     0x00000000      0xfbf
 *(.debug_line .debug_line.* .debug_line_end)
 .debug_line    0x00000000      0x22e APP/GameUsingTimer/GameUsingTimer.o
 .debug_line    0x0000022e      0x388 APP/RealTimeClock/RealTimeClock.o
 .debug_line    0x000005b6       0x6d AVR_32_Driver.o
 .debug_line    0x00000623       0xcb HAL/Direct 7-Segment/Direct_7-Segment.o
 .debug_line    0x000006ee       0xc9 HAL/Keypad/Keypad.o
 .debug_line    0x000007b7      0x3f1 HAL/LCD_Screen/LCD.o
 .debug_line    0x00000ba8      0x133 MCAL/DIO/GPIO.o
 .debug_line    0x00000cdb       0xef MCAL/Interrupt/Interrupt.o
 .debug_line    0x00000dca      0x1f5 MCAL/Timer 0,2/Timer0.o

.debug_frame    0x00000000      0x63c
 *(.debug_frame)
 .debug_frame   0x00000000       0x64 APP/GameUsingTimer/GameUsingTimer.o
 .debug_frame   0x00000064       0x50 APP/RealTimeClock/RealTimeClock.o
 .debug_frame   0x000000b4       0x24 AVR_32_Driver.o
 .debug_frame   0x000000d8       0x44 HAL/Direct 7-Segment/Direct_7-Segment.o
 .debug_frame   0x0000011c       0x94 HAL/Keypad/Keypad.o
 .debug_frame   0x000001b0       0x9c HAL/LCD_Screen/LCD.o
 .debug_frame   0x0000024c       0xb4 MCAL/DIO/GPIO.o
 .debug_frame   0x00000300      0x13c MCAL/Interrupt/Interrupt.o
 .debug_frame   0x0000043c      0x200 MCAL/Timer 0,2/Timer0.o

.debug_str      0x00000000      0xc75
 *(.debug_str)
 .debug_str     0x00000000      0x5c3 APP/GameUsingTimer/GameUsingTimer.o
                                0x60b (size before relaxing)
 .debug_str     0x000005c3      0x197 APP/RealTimeClock/RealTimeClock.o
                                0x6ed (size before relaxing)
 .debug_str     0x0000075a       0x1a AVR_32_Driver.o
                                0x1d3 (size before relaxing)
 .debug_str     0x00000774       0xad HAL/Direct 7-Segment/Direct_7-Segment.o
                                0x297 (size before relaxing)
 .debug_str     0x00000821       0x46 HAL/Keypad/Keypad.o
                                0x30e (size before relaxing)
 .debug_str     0x00000867       0x85 HAL/LCD_Screen/LCD.o
                                0x376 (size before relaxing)
 .debug_str     0x000008ec      0x136 MCAL/DIO/GPIO.o
                                0x3cf (size before relaxing)
 .debug_str     0x00000a22      0x120 MCAL/Interrupt/Interrupt.o
                                0x2b0 (size before relaxing)
 .debug_str     0x00000b42      0x133 MCAL/Timer 0,2/Timer0.o
                                0x685 (size before relaxing)

.debug_loc      0x00000000     0x1e4c
 *(.debug_loc)
 .debug_loc     0x00000000       0xf0 APP/GameUsingTimer/GameUsingTimer.o
 .debug_loc     0x000000f0      0x629 APP/RealTimeClock/RealTimeClock.o
 .debug_loc     0x00000719      0x109 HAL/Direct 7-Segment/Direct_7-Segment.o
 .debug_loc     0x00000822      0x27a HAL/Keypad/Keypad.o
 .debug_loc     0x00000a9c      0x4ea HAL/LCD_Screen/LCD.o
 .debug_loc     0x00000f86      0x186 MCAL/DIO/GPIO.o
 .debug_loc     0x0000110c      0x363 MCAL/Interrupt/Interrupt.o
 .debug_loc     0x0000146f      0x9dd MCAL/Timer 0,2/Timer0.o

.debug_macinfo
 *(.debug_macinfo)

.debug_weaknames
 *(.debug_weaknames)

.debug_funcnames
 *(.debug_funcnames)

.debug_typenames
 *(.debug_typenames)

.debug_varnames
 *(.debug_varnames)

.debug_pubtypes
 *(.debug_pubtypes)

.debug_ranges   0x00000000      0x198
 *(.debug_ranges)
 .debug_ranges  0x00000000       0x20 APP/GameUsingTimer/GameUsingTimer.o
 .debug_ranges  0x00000020       0x20 APP/RealTimeClock/RealTimeClock.o
 .debug_ranges  0x00000040       0x10 AVR_32_Driver.o
 .debug_ranges  0x00000050       0x18 HAL/Direct 7-Segment/Direct_7-Segment.o
 .debug_ranges  0x00000068       0x18 HAL/Keypad/Keypad.o
 .debug_ranges  0x00000080       0x38 HAL/LCD_Screen/LCD.o
 .debug_ranges  0x000000b8       0x58 MCAL/DIO/GPIO.o
 .debug_ranges  0x00000110       0x30 MCAL/Interrupt/Interrupt.o
 .debug_ranges  0x00000140       0x58 MCAL/Timer 0,2/Timer0.o

.debug_macro
 *(.debug_macro)
OUTPUT(AVR_32_Driver.elf elf32-avr)
LOAD linker stubs
